Dodatkowy plik

